mode: set
currency-converter/internal/service/service.go:33.79,34.22 1 1
currency-converter/internal/service/service.go:34.22,36.3 1 1
currency-converter/internal/service/service.go:37.2,41.3 1 1
currency-converter/internal/service/service.go:44.56,45.6 1 0
currency-converter/internal/service/service.go:45.6,46.10 1 0
currency-converter/internal/service/service.go:47.21,49.10 2 0
currency-converter/internal/service/service.go:50.37,51.11 1 0
currency-converter/internal/service/service.go:51.11,54.5 2 0
currency-converter/internal/service/service.go:55.4,55.21 1 0
currency-converter/internal/service/service.go:55.21,57.19 2 0
currency-converter/internal/service/service.go:57.19,59.6 1 0
currency-converter/internal/service/service.go:65.52,71.43 4 0
currency-converter/internal/service/service.go:71.43,73.3 1 0
currency-converter/internal/service/service.go:75.2,75.6 1 0
currency-converter/internal/service/service.go:75.6,76.10 1 0
currency-converter/internal/service/service.go:77.19,78.11 1 0
currency-converter/internal/service/service.go:79.33,80.34 1 0
currency-converter/internal/service/service.go:80.34,81.19 1 0
currency-converter/internal/service/service.go:81.19,83.35 2 0
currency-converter/internal/service/service.go:83.35,85.8 1 0
currency-converter/internal/service/service.go:87.6,87.47 1 0
currency-converter/internal/service/service.go:87.47,89.7 1 0
currency-converter/internal/service/service.go:91.12,92.72 1 0
currency-converter/internal/service/service.go:94.21,96.10 2 0
currency-converter/internal/service/service.go:101.58,103.16 2 0
currency-converter/internal/service/service.go:103.16,105.3 1 0
currency-converter/internal/service/service.go:108.2,116.39 3 0
currency-converter/internal/service/service.go:116.39,124.3 2 0
currency-converter/internal/service/service.go:126.2,126.37 1 0
currency-converter/internal/service/service.go:126.37,127.47 1 0
currency-converter/internal/service/service.go:127.47,129.4 1 0
currency-converter/internal/service/service.go:132.2,134.12 3 0
currency-converter/internal/service/service.go:137.44,196.43 2 0
currency-converter/internal/service/service.go:196.43,198.3 1 0
currency-converter/internal/service/service.go:199.2,199.13 1 0
currency-converter/internal/service/service.go:202.53,204.43 2 0
currency-converter/internal/service/service.go:204.43,206.3 1 0
currency-converter/internal/service/service.go:208.2,208.6 1 0
currency-converter/internal/service/service.go:208.6,209.10 1 0
currency-converter/internal/service/service.go:210.21,212.10 2 0
currency-converter/internal/service/service.go:213.45,215.39 2 0
currency-converter/internal/service/service.go:215.39,216.24 1 0
currency-converter/internal/service/service.go:216.24,219.6 2 0
currency-converter/internal/service/service.go:225.46,230.2 4 0
currency-converter/internal/service/service.go:232.56,233.19 1 1
currency-converter/internal/service/service.go:233.19,235.3 1 1
currency-converter/internal/service/service.go:236.2,236.9 1 1
currency-converter/internal/service/service.go:237.30,238.13 1 1
currency-converter/internal/service/service.go:239.10,240.71 1 1
currency-converter/internal/service/service.go:244.80,245.75 1 1
currency-converter/internal/service/service.go:245.75,247.3 1 1
currency-converter/internal/service/service.go:249.2,249.59 1 1
currency-converter/internal/service/service.go:249.59,251.3 1 1
currency-converter/internal/service/service.go:253.2,253.41 1 1
currency-converter/internal/service/service.go:253.41,255.3 1 0
currency-converter/internal/service/service.go:257.2,258.17 2 1
currency-converter/internal/service/service.go:261.72,265.2 3 1
currency-converter/internal/service/service.go:267.69,268.16 1 1
currency-converter/internal/service/service.go:268.16,270.3 1 1
currency-converter/internal/service/service.go:272.2,273.31 2 1
currency-converter/internal/service/service.go:273.31,276.3 2 1
currency-converter/internal/service/service.go:278.2,278.71 1 1
currency-converter/internal/service/service.go:281.80,282.75 1 1
currency-converter/internal/service/service.go:282.75,284.3 1 1
currency-converter/internal/service/service.go:285.2,285.24 1 1
currency-converter/internal/service/service.go:285.24,287.3 1 1
currency-converter/internal/service/service.go:289.2,290.16 2 1
currency-converter/internal/service/service.go:290.16,292.3 1 1
currency-converter/internal/service/service.go:294.2,295.17 2 1
currency-converter/internal/service/service.go:298.66,302.2 3 1
currency-converter/internal/service/service.go:304.94,305.22 1 1
currency-converter/internal/service/service.go:305.22,307.3 1 1
currency-converter/internal/service/service.go:308.2,308.38 1 1
currency-converter/internal/service/service.go:308.38,310.3 1 0
currency-converter/internal/service/service.go:312.2,314.10 3 1
currency-converter/internal/service/service.go:314.10,316.3 1 1
currency-converter/internal/service/service.go:317.2,317.20 1 1
currency-converter/internal/service/service.go:317.20,319.3 1 0
currency-converter/internal/service/service.go:321.2,322.10 2 1
currency-converter/internal/service/service.go:322.10,324.3 1 0
currency-converter/internal/service/service.go:325.2,325.16 1 1
currency-converter/internal/service/service.go:325.16,327.3 1 1
currency-converter/internal/service/service.go:328.2,328.18 1 1
currency-converter/internal/service/service.go:328.18,330.3 1 0
currency-converter/internal/service/service.go:332.2,337.48 4 1
currency-converter/internal/service/service.go:337.48,339.3 1 0
currency-converter/internal/service/service.go:341.2,344.24 2 1
